../Drivers/CMSIS/Include/core_cm33.h:2448:34:__NVIC_SystemReset	4	static,ignoring_inline_asm
../Core/Src/stm32l5xx_it.c:78:6:NMI_Handler	4	static
../Core/Src/stm32l5xx_it.c:93:6:HardFault_Handler	8	static
../Core/Src/stm32l5xx_it.c:109:6:MemManage_Handler	4	static
../Core/Src/stm32l5xx_it.c:124:6:BusFault_Handler	4	static
../Core/Src/stm32l5xx_it.c:139:6:UsageFault_Handler	4	static
../Core/Src/stm32l5xx_it.c:154:6:DebugMon_Handler	4	static
../Core/Src/stm32l5xx_it.c:174:6:DMAMUX1_IRQHandler	4	static
../Core/Src/stm32l5xx_it.c:188:6:DMA1_Channel1_IRQHandler	8	static
../Core/Src/stm32l5xx_it.c:202:6:DMA1_Channel2_IRQHandler	8	static
../Core/Src/stm32l5xx_it.c:216:6:ADC1_2_IRQHandler	8	static
../Core/Src/stm32l5xx_it.c:230:6:TIM1_CC_IRQHandler	8	static
../Core/Src/stm32l5xx_it.c:244:6:TIM2_IRQHandler	8	static
../Core/Src/stm32l5xx_it.c:258:6:TIM3_IRQHandler	8	static
../Core/Src/stm32l5xx_it.c:272:6:TIM6_IRQHandler	8	static
../Core/Src/stm32l5xx_it.c:286:6:USART2_IRQHandler	8	static
../Core/Src/stm32l5xx_it.c:300:6:UART4_IRQHandler	8	static
