../Application/Src/LineSensor.cpp:47:6:void TurnOnInfraLEDs(GPIO_TypeDef**, uint16_t*, GPIO_TypeDef**, uint16_t*, uint8_t)	40	static
../Application/Src/LineSensor.cpp:66:6:void TurnOnLEDs(GPIO_TypeDef**, uint16_t*, GPIO_TypeDef**, uint16_t*, uint32_t, uint32_t)	48	static
../Application/Src/LineSensor.cpp:93:6:void TurnOffInfraLEDs(GPIO_TypeDef**, uint16_t*)	16	static
../Application/Src/LineSensor.cpp:100:6:void ReadADCValues(GPIO_TypeDef**, uint16_t*, uint8_t, uint8_t*)	40	static
C:\ST\STM32CubeIDE_1.13.2\STM32CubeIDE\plugins\com.st.stm32cube.ide.mcu.externaltools.gnu-tools-for-stm32.11.3.rel1.win32_1.1.1.202309131626\tools\bin/../lib/gcc/arm-none-eabi/11.3.1/../../../../arm-none-eabi/include/c++/11.3.1/bits/vector.tcc:426:7:) [with _Args = {const float&}; _Tp = float; _Alloc = std::allocator<float>]	40	static
../Application/Src/LineSensor.cpp:114:6:void LineSensorTask()	136	static
../Application/Src/LineSensor.cpp:330:1:cpp)	0	static
../Application/Src/LineSensor.cpp:330:1:cpp)	8	static
