C:\ST\STM32CubeIDE_1.13.2\STM32CubeIDE\plugins\com.st.stm32cube.ide.mcu.externaltools.gnu-tools-for-stm32.11.3.rel1.win32_1.1.1.202309131626\tools\bin/../lib/gcc/arm-none-eabi/11.3.1/../../../../arm-none-eabi/include/c++/11.3.1/bits/std_abs.h:75:3:constexpr float std::abs(float)	16	static
C:\ST\STM32CubeIDE_1.13.2\STM32CubeIDE\plugins\com.st.stm32cube.ide.mcu.externaltools.gnu-tools-for-stm32.11.3.rel1.win32_1.1.1.202309131626\tools\bin/../lib/gcc/arm-none-eabi/11.3.1/../../../../arm-none-eabi/include/c++/11.3.1/cmath:611:3:constexpr bool std::isnan(float)	16	static
C:\ST\STM32CubeIDE_1.13.2\STM32CubeIDE\plugins\com.st.stm32cube.ide.mcu.externaltools.gnu-tools-for-stm32.11.3.rel1.win32_1.1.1.202309131626\tools\arm-none-eabi\include\c++\11.3.1\arm-none-eabi\thumb\v8-m.main+fp\hard\bits\gthr-default.h:229:1:int __gthread_key_delete(__gthread_key_t)	16	static
C:/RobonAUT/JLB-Embedded/Application/Inc/JLB/pid.hxx:18:5:PID::PID(float, float, float, float, float, float, float, float, float)	48	static
C:/RobonAUT/JLB-Embedded/Application/Inc/JLB/pid.hxx:31:5:PID::~PID()	16	static
C:/RobonAUT/JLB-Embedded/Application/Inc/JLB/pid.hxx:62:11:float PID::update(float, float, float)	48	static
../Application/Src/MotorControl.cpp:25:6:void MotorControlTask(jlb::Mission)	24	static
C:\ST\STM32CubeIDE_1.13.2\STM32CubeIDE\plugins\com.st.stm32cube.ide.mcu.externaltools.gnu-tools-for-stm32.11.3.rel1.win32_1.1.1.202309131626\tools\bin/../lib/gcc/arm-none-eabi/11.3.1/../../../../arm-none-eabi/include/c++/11.3.1/bits/stl_algo.h:3656:5:constexpr const _Tp& std::clamp(const _Tp&, const _Tp&, const _Tp&) [with _Tp = float]	24	static
../Application/Src/MotorControl.cpp:67:1:void __static_initialization_and_destruction_0(int, int)	16	static
../Application/Src/MotorControl.cpp:67:1:cpp)	8	static
../Application/Src/MotorControl.cpp:67:1:cpp)	8	static
