c:\st\stm32cubeide_1.7.0\stm32cubeide\plugins\com.st.stm32cube.ide.mcu.externaltools.gnu-tools-for-stm32.10.3-2021.10.win32_1.0.200.202301161003\tools\arm-none-eabi\include\c++\10.3.1\bits\std_abs.h:75:3:constexpr float std::abs(float)	16	static
c:\st\stm32cubeide_1.7.0\stm32cubeide\plugins\com.st.stm32cube.ide.mcu.externaltools.gnu-tools-for-stm32.10.3-2021.10.win32_1.0.200.202301161003\tools\arm-none-eabi\include\c++\10.3.1\cmath:611:3:constexpr bool std::isnan(float)	16	static
c:\st\stm32cubeide_1.7.0\stm32cubeide\plugins\com.st.stm32cube.ide.mcu.externaltools.gnu-tools-for-stm32.10.3-2021.10.win32_1.0.200.202301161003\tools\bin\../lib/gcc/arm-none-eabi/10.3.1/../../../../arm-none-eabi/include/c++/10.3.1/arm-none-eabi/thumb/v8-m.main+fp/hard/bits/gthr-default.h:229:1:int __gthread_key_delete(__gthread_key_t)	16	static
C:/Users/flieg/git/JLBracing_Robonaut/JLB-Embedded/Application/Inc/JLB/pid.hxx:11:5:PID::PID(float, float, float, float, float, float, float, float, float)	48	static
C:/Users/flieg/git/JLBracing_Robonaut/JLB-Embedded/Application/Inc/JLB/pid.hxx:16:5:PID::~PID()	16	static
C:/Users/flieg/git/JLBracing_Robonaut/JLB-Embedded/Application/Inc/JLB/pid.hxx:41:11:float PID::update(float, float, float)	64	static
../Application/Src/MotorControl.cpp:21:6:void MotorControlTask()	8	static
c:\st\stm32cubeide_1.7.0\stm32cubeide\plugins\com.st.stm32cube.ide.mcu.externaltools.gnu-tools-for-stm32.10.3-2021.10.win32_1.0.200.202301161003\tools\arm-none-eabi\include\c++\10.3.1\bits\stl_algo.h:3680:5:constexpr const _Tp& std::clamp(const _Tp&, const _Tp&, const _Tp&) [with _Tp = float]	24	static
c:\st\stm32cubeide_1.7.0\stm32cubeide\plugins\com.st.stm32cube.ide.mcu.externaltools.gnu-tools-for-stm32.10.3-2021.10.win32_1.0.200.202301161003\tools\arm-none-eabi\include\c++\10.3.1\bits\stl_algobase.h:230:5:constexpr const _Tp& std::min(const _Tp&, const _Tp&) [with _Tp = float]	16	static
../Application/Src/MotorControl.cpp:63:1:void __static_initialization_and_destruction_0(int, int)	16	static
../Application/Src/MotorControl.cpp:63:1:cpp)	8	static
../Application/Src/MotorControl.cpp:63:1:cpp)	8	static
